docker :  Image performance-review-monitoring-system-frontend-tests Building 
At line:1 char:61
+ ... ing-system; docker compose -f docker-compose.test.yml up --build --ab ...
+                 ~~~~~~~~~~~~~~~~~~~~~~~~~~~~~~~~~~~~~~~~~~~~~~~~~~~~~~~~~
    + CategoryInfo          : NotSpecified: ( Image performa...tests Building  
   :String) [], RemoteException
    + FullyQualifiedErrorId : NativeCommandError
 
 Image performance-review-monitoring-system-api-tests Building 
#1 [internal] load local bake definitions
#1 reading from stdin 1.22kB 0.0s done
#1 DONE 0.0s

#2 [frontend-tests internal] load build definition from Dockerfile.test
#2 transferring dockerfile: 327B done
#2 DONE 0.0s

#3 [api-tests internal] load build definition from Dockerfile
#3 transferring dockerfile: 606B done
#3 DONE 0.0s

#4 [api-tests internal] load metadata for mcr.microsoft.com/dotnet/sdk:8.0
#4 DONE 0.3s

#5 [frontend-tests internal] load metadata for docker.io/library/node:22-slim
#5 ...

#6 [api-tests internal] load .dockerignore
#6 transferring context: 2B done
#6 DONE 0.0s

#7 [api-tests 1/8] FROM mcr.microsoft.com/dotnet/sdk:8.0@sha256:a9330090b730c2abde8f3f43b3d1e24e4b8cba028de7bab1a7fdcd50cb7a3b7e
#7 resolve mcr.microsoft.com/dotnet/sdk:8.0@sha256:a9330090b730c2abde8f3f43b3d1e24e4b8cba028de7bab1a7fdcd50cb7a3b7e 0.0s done
#7 DONE 0.0s

#8 [api-tests internal] load build context
#8 transferring context: 12.55kB 0.0s done
#8 DONE 0.0s

#9 [api-tests 4/8] COPY tests/PerformanceReviewApi.Tests/PerformanceReviewApi.Tests.csproj tests/PerformanceReviewApi.Tests/
#9 CACHED

#10 [api-tests 2/8] WORKDIR /src
#10 CACHED

#11 [api-tests 3/8] COPY api/PerformanceReviewApi.csproj                                    api/
#11 CACHED

#12 [api-tests 5/8] RUN dotnet restore tests/PerformanceReviewApi.Tests/PerformanceReviewApi.Tests.csproj
#12 CACHED

#13 [api-tests 6/8] COPY api/   api/
#13 DONE 0.1s

#14 [api-tests 7/8] COPY tests/ tests/
#14 DONE 0.1s

#15 [api-tests 8/8] WORKDIR /src/tests/PerformanceReviewApi.Tests
#15 DONE 0.1s

#5 [frontend-tests internal] load metadata for docker.io/library/node:22-slim
#5 DONE 0.8s

#16 [api-tests] exporting to image
#16 exporting layers
#16 ...

#17 [frontend-tests internal] load .dockerignore
#17 transferring context: 108B done
#17 DONE 0.0s

#18 [frontend-tests internal] load build context
#18 transferring context: 6.74kB 0.0s done
#18 DONE 0.2s

#19 [frontend-tests 1/5] FROM docker.io/library/node:22-slim@sha256:4f77a690f2f8946ab16fe1e791a3ac0667ae1c3575c3e4d0d4589e9ed5bfaf3d
#19 resolve docker.io/library/node:22-slim@sha256:4f77a690f2f8946ab16fe1e791a3ac0667ae1c3575c3e4d0d4589e9ed5bfaf3d
#19 resolve docker.io/library/node:22-slim@sha256:4f77a690f2f8946ab16fe1e791a3ac0667ae1c3575c3e4d0d4589e9ed5bfaf3d 0.2s done
#19 DONE 0.2s

#20 [frontend-tests 2/5] WORKDIR /app
#20 CACHED

#21 [frontend-tests 3/5] COPY package.json package-lock.json ./
#21 CACHED

#22 [frontend-tests 4/5] RUN npm ci
#22 CACHED

#16 [api-tests] exporting to image
#16 exporting layers 0.5s done
#16 ...

#23 [frontend-tests 5/5] COPY . .
#23 DONE 0.2s

#16 [api-tests] exporting to image
#16 exporting manifest sha256:858119f045aa6fef9bb1b9483f7890b14083e12e5c7e12e29537f7970e73b5ea 0.0s done
#16 exporting config sha256:96365157ebd2efe21ee6c2f063fbc233f0608311635c794f7c0da39cf2915add 0.0s done
#16 exporting attestation manifest sha256:692850df39b429dc2bd1a6c2327518486e0a97e917b49143e442a60720b5dba4
#16 exporting attestation manifest sha256:692850df39b429dc2bd1a6c2327518486e0a97e917b49143e442a60720b5dba4 0.1s done
#16 exporting manifest list sha256:064aa53b3c65edb39b86663634aa1275cf212461e7ff549b5ad4ead1466e76bb
#16 exporting manifest list sha256:064aa53b3c65edb39b86663634aa1275cf212461e7ff549b5ad4ead1466e76bb 0.1s done
#16 naming to docker.io/library/performance-review-monitoring-system-api-tests:latest 0.0s done
#16 unpacking to docker.io/library/performance-review-monitoring-system-api-tests:latest
#16 unpacking to docker.io/library/performance-review-monitoring-system-api-tests:latest 0.2s done
#16 DONE 1.1s

#24 [frontend-tests] exporting to image
#24 exporting layers 0.3s done
#24 exporting manifest sha256:b0a049732f014e11c1496ae82e366711253a1a6b9e7077d1f0c40317309d96d4 0.0s done
#24 exporting config sha256:241b2c6d703aeaf333e65547e9e4fd81bb6569b8e4dc94fe2fcadfb2448801ee 0.1s done
#24 exporting attestation manifest sha256:4908162400e144f11a40f028045a1114d59cfce30e2d35006b3bd8d4b72f33a5 0.1s done
#24 exporting manifest list sha256:1cbb388197358c42e2e17a30905cecda2cf5eec1447d3bbd4c9316612eb9c391
#24 exporting manifest list sha256:1cbb388197358c42e2e17a30905cecda2cf5eec1447d3bbd4c9316612eb9c391 0.1s done
#24 naming to docker.io/library/performance-review-monitoring-system-frontend-tests:latest 0.0s done
#24 unpacking to docker.io/library/performance-review-monitoring-system-frontend-tests:latest 0.1s done
#24 DONE 0.7s

#25 [api-tests] resolving provenance for metadata file
#25 DONE 0.0s

#26 [frontend-tests] resolving provenance for metadata file
#26 DONE 0.0s
 Image performance-review-monitoring-system-api-tests Built 
 Image performance-review-monitoring-system-frontend-tests Built 
time="2026-03-23T16:56:24+01:00" level=warning msg="Found orphan containers 
([performance-review-monitoring-system-frontend-1 
performance-review-monitoring-system-api-1 
performance-review-monitoring-system-db-1]) for this project. If you removed 
or renamed this service in your compose file, you can run this command with 
the --remove-orphans flag to clean it up."
 Container performance-review-monitoring-system-api-tests-1 Recreate 
 Container performance-review-monitoring-system-frontend-tests-1 Recreate 
 Container performance-review-monitoring-system-frontend-tests-1 Recreated 
 Container performance-review-monitoring-system-api-tests-1 Recreated 
Attaching to api-tests-1, frontend-tests-1
 Container performance-review-monitoring-system-api-tests-1 Starting 
 Container performance-review-monitoring-system-frontend-tests-1 Starting 
 Container performance-review-monitoring-system-api-tests-1 Started 
 Container performance-review-monitoring-system-frontend-tests-1 Started 
frontend-tests-1  | 
frontend-tests-1  | > performance-review-frontend@0.1.0 test
frontend-tests-1  | > vitest run
frontend-tests-1  | 
frontend-tests-1  | 
frontend-tests-1  |  RUN  v2.1.9 /app
frontend-tests-1  | 
frontend-tests-1  |  Ôťô src/__tests__/components/MyReviews.test.jsx (6 tests) 110ms
frontend-tests-1  |  Ôťô src/__tests__/components/EmployeeList.test.jsx (6 tests) 119ms
frontend-tests-1  |  Ôťô src/__tests__/components/ReviewSessionList.test.jsx (7 tests) 130ms
frontend-tests-1  |  Ôťô src/__tests__/components/Login.test.jsx (7 tests) 435ms
frontend-tests-1  | stderr | src/__tests__/App.test.jsx > App > tab navigation 
switches between views
frontend-tests-1  | Error: Error: connect ECONNREFUSED 127.0.0.1:3000
frontend-tests-1  |     at Object.dispatchError 
(/app/node_modules/jsdom/lib/jsdom/living/xhr/xhr-utils.js:63:19)
frontend-tests-1  |     at Request.<anonymous> 
(/app/node_modules/jsdom/lib/jsdom/living/xhr/XMLHttpRequest-impl.js:655:18)
frontend-tests-1  |     at Request.emit (node:events:531:35)
frontend-tests-1  |     at ClientRequest.<anonymous> 
(/app/node_modules/jsdom/lib/jsdom/living/helpers/http-request.js:127:14)
frontend-tests-1  |     at ClientRequest.emit (node:events:519:28)
frontend-tests-1  |     at emitErrorEvent (node:_http_client:108:11)
frontend-tests-1  |     at Socket.socketErrorListener (node:_http_client:575:5)
frontend-tests-1  |     at Socket.emit (node:events:519:28)
frontend-tests-1  |     at emitErrorNT (node:internal/streams/destroy:170:8)
frontend-tests-1  |     at emitErrorCloseNT 
(node:internal/streams/destroy:129:3) undefined
frontend-tests-1  | 
frontend-tests-1  |  Ôťô src/__tests__/App.test.jsx (4 tests) 347ms
frontend-tests-1  |  Ôťô src/__tests__/LoginPage.test.tsx (6 tests) 354ms
frontend-tests-1  | 
frontend-tests-1  |  Test Files  6 passed (6)
frontend-tests-1  |       Tests  36 passed (36)
frontend-tests-1  |    Start at  15:56:25
frontend-tests-1  |    Duration  1.59s (transform 326ms, setup 476ms, collect 1.25s, tests 1.49s, environment 2.62s, prepare 1.75s)
frontend-tests-1  | 
api-tests-1       |   PerformanceReviewApi -> /src/api/bin/Debug/net8.0/PerformanceReviewApi.dll
api-tests-1       |   PerformanceReviewApi.Tests -> /src/tests/PerformanceReviewApi.Tests/bin/Debug/net8.0/PerformanceReviewApi.Tests.dll
api-tests-1       | Test run for /src/tests/PerformanceReviewApi.Tests/bin/Debug/net8.0/PerformanceReviewApi.Tests.dll (.NETCoreApp,Version=v8.0)
api-tests-1       | VSTest version 17.11.1 (x64)
api-tests-1       | 
api-tests-1       | Starting test execution, please wait...
api-tests-1       | A total of 1 test files matched the specified pattern.
api-tests-1       | Results File: /results/results.trx
api-tests-1       | 
api-tests-1       | Passed!  - Failed:     0, Passed:    20, Skipped:     0, Total:    20, Duration: 792 ms - PerformanceReviewApi.Tests.dll (net8.0)

[Kapi-tests-1 exited with code 0
 Compose Stopping Aborting on container exit...
 Container performance-review-monitoring-system-frontend-tests-1 Stopping 
 Container performance-review-monitoring-system-api-tests-1 Stopping 
 Container performance-review-monitoring-system-api-tests-1 Stopped 
 Container performance-review-monitoring-system-frontend-tests-1 Stopped 

[Kfrontend-tests-1 exited with code 137
