docker : open 
F:\work\performance-review-monitoring-system\api\docker-compose.test.yml: The 
system cannot find the file specified.
At line:1 char:1
+ docker compose -f docker-compose.test.yml up --build --abort-on-conta ...
+ ~~~~~~~~~~~~~~~~~~~~~~~~~~~~~~~~~~~~~~~~~~~~~~~~~~~~~~~~~~~~~~~~~~~~~
    + CategoryInfo          : NotSpecified: (open F:\work\pe...file specified. 
   :String) [], RemoteException
    + FullyQualifiedErrorId : NativeCommandError
 
